===== radian_administration_migrate ===== 
Thu 07/30/2026 
01:34 AM
Client:
 Version:           29.6.1
 API version:       1.55
 Go version:        go1.26.4
 Git commit:        8900f1d
 Built:             Fri Jun 26 11:43:32 2026
 OS/Arch:           windows/amd64
 Context:           desktop-linux

Server: Docker Desktop 4.80.0 (232116)
 Engine:
  Version:          29.6.1
  API version:      1.55 (minimum version 1.40)
  Go version:       go1.26.4
  Git commit:       8ec5ab3
  Built:            Fri Jun 26 11:41:04 2026
  OS/Arch:          linux/amd64
  Experimental:     false
 containerd:
  Version:          v2.2.5
  GitCommit:        e53c7c1516c3b2bff98eb76f1f4117477e6f4e66
 runc:
  Version:          1.3.6
  GitCommit:        v1.3.6-0-g491b69ba
 docker-init:
  Version:          0.19.0
  GitCommit:        de40ad0
 Container radian_postgres Running 
 Container radian_api Running 
 Container radian_web Running 
 Container radian_postgres Waiting 
 Container radian_postgres Healthy 
 Container radian_postgres Running 
 Container radian_postgres Waiting 
 Container radian_postgres Healthy 
 Container radian-api-run-d5e0201e1a1d Creating 
 Container radian-api-run-d5e0201e1a1d Created 
warn The configuration property `package.json#prisma` is deprecated and will be removed in Prisma 7. Please migrate to a Prisma config file (e.g., `prisma.config.ts`).
For more information, see: https://pris.ly/prisma-config

Environment variables loaded from .env
Prisma schema loaded from prisma/schema.prisma
Datasource "db": PostgreSQL database "radian_db", schema "public" at "postgres:5432"

37 migrations found in prisma/migrations

Applying migration `20260730013000_administration`

The following migration(s) have been applied:

migrations/
  └─ 20260730013000_administration/
    └─ migration.sql
      
All migrations have been successfully applied.
warn The configuration property `package.json#prisma` is deprecated and will be removed in Prisma 7. Please migrate to a Prisma config file (e.g., `prisma.config.ts`).
For more information, see: https://pris.ly/prisma-config

Environment variables loaded from .env
Prisma schema loaded from prisma/schema.prisma

✔ Generated Prisma Client (v6.19.3) to ./node_modules/@prisma/client in 1.52s

Start by importing your Prisma Client (See: https://pris.ly/d/importing-client)

Tip: Need your database queries to be 1000x faster? Accelerate offers you that and more: https://pris.ly/tip-2-accelerate

 Container radian_api Restarting 
 Container radian_api Started 
 
===== docker compose ps ===== 
NAME              IMAGE                COMMAND                  SERVICE    CREATED       STATUS                  PORTS
radian_api        radian-api           "docker-entrypoint.s…"   api        2 days ago    Up 29 seconds           0.0.0.0:4000->4000/tcp, [::]:4000->4000/tcp
radian_postgres   postgres:16-alpine   "docker-entrypoint.s…"   postgres   12 days ago   Up 12 hours (healthy)   0.0.0.0:5433->5432/tcp, [::]:5433->5432/tcp
radian_web        radian-web           "docker-entrypoint.s…"   web        11 days ago   Up 12 hours             0.0.0.0:3000->3000/tcp, [::]:3000->3000/tcp
 
===== new tables (expect 5 rows) ===== 
     tablename      
--------------------
 AccessNode
 AuthToken
 Position
 PositionAccess
 UserAccessOverride
(5 rows)

 
===== users, and how many still have a password ===== 
===== these two numbers MUST be equal to what they were ===== 
 users | with_password | with_email 
-------+---------------+------------
     4 |             4 |          0
(1 row)

 
===== curl :4000 /auth/status ===== 
http_code=000 
===== api log (last 80 lines) ===== 
radian_api  | [32m[Nest] 34  - [39m07/29/2026, 6:17:56 PM [32m    LOG[39m [38;5;3m[RouterExplorer] [39m[32mMapped {/marketing/attribution/order/:orderId, PATCH} route[39m[38;5;3m +0ms[39m
radian_api  | [32m[Nest] 34  - [39m07/29/2026, 6:17:56 PM [32m    LOG[39m [38;5;3m[RouterExplorer] [39m[32mMapped {/marketing/attribution/run, POST} route[39m[38;5;3m +0ms[39m
radian_api  | [32m[Nest] 34  - [39m07/29/2026, 6:17:56 PM [32m    LOG[39m [38;5;3m[RouterExplorer] [39m[32mMapped {/marketing/occasions, GET} route[39m[38;5;3m +1ms[39m
radian_api  | [32m[Nest] 34  - [39m07/29/2026, 6:17:56 PM [32m    LOG[39m [38;5;3m[RouterExplorer] [39m[32mMapped {/marketing/outreach, GET} route[39m[38;5;3m +0ms[39m
radian_api  | [32m[Nest] 34  - [39m07/29/2026, 6:17:56 PM [32m    LOG[39m [38;5;3m[RouterExplorer] [39m[32mMapped {/marketing/outreach/effect, GET} route[39m[38;5;3m +0ms[39m
radian_api  | [32m[Nest] 34  - [39m07/29/2026, 6:17:56 PM [32m    LOG[39m [38;5;3m[RouterExplorer] [39m[32mMapped {/marketing/outreach, POST} route[39m[38;5;3m +0ms[39m
radian_api  | [32m[Nest] 34  - [39m07/29/2026, 6:17:56 PM [32m    LOG[39m [38;5;3m[RouterExplorer] [39m[32mMapped {/marketing/outreach/:id, PATCH} route[39m[38;5;3m +0ms[39m
radian_api  | [32m[Nest] 34  - [39m07/29/2026, 6:17:56 PM [32m    LOG[39m [38;5;3m[RouterExplorer] [39m[32mMapped {/marketing/optouts, GET} route[39m[38;5;3m +0ms[39m
radian_api  | [32m[Nest] 34  - [39m07/29/2026, 6:17:56 PM [32m    LOG[39m [38;5;3m[RouterExplorer] [39m[32mMapped {/marketing/optouts, POST} route[39m[38;5;3m +1ms[39m
radian_api  | [32m[Nest] 34  - [39m07/29/2026, 6:17:56 PM [32m    LOG[39m [38;5;3m[RouterExplorer] [39m[32mMapped {/marketing/optouts/:customerId, DELETE} route[39m[38;5;3m +0ms[39m
radian_api  | [32m[Nest] 34  - [39m07/29/2026, 6:17:56 PM [32m    LOG[39m [38;5;3m[RouterExplorer] [39m[32mMapped {/marketing/affiliates, GET} route[39m[38;5;3m +0ms[39m
radian_api  | [32m[Nest] 34  - [39m07/29/2026, 6:17:56 PM [32m    LOG[39m [38;5;3m[RouterExplorer] [39m[32mMapped {/marketing/affiliates, POST} route[39m[38;5;3m +0ms[39m
radian_api  | [32m[Nest] 34  - [39m07/29/2026, 6:17:56 PM [32m    LOG[39m [38;5;3m[RouterExplorer] [39m[32mMapped {/marketing/affiliates/overview, GET} route[39m[38;5;3m +1ms[39m
radian_api  | [32m[Nest] 34  - [39m07/29/2026, 6:17:56 PM [32m    LOG[39m [38;5;3m[RouterExplorer] [39m[32mMapped {/marketing/affiliates/commissions, GET} route[39m[38;5;3m +0ms[39m
radian_api  | [32m[Nest] 34  - [39m07/29/2026, 6:17:56 PM [32m    LOG[39m [38;5;3m[RouterExplorer] [39m[32mMapped {/marketing/affiliates/payouts, GET} route[39m[38;5;3m +0ms[39m
radian_api  | [32m[Nest] 34  - [39m07/29/2026, 6:17:56 PM [32m    LOG[39m [38;5;3m[RouterExplorer] [39m[32mMapped {/marketing/affiliates/accrue, POST} route[39m[38;5;3m +1ms[39m
radian_api  | [32m[Nest] 34  - [39m07/29/2026, 6:17:56 PM [32m    LOG[39m [38;5;3m[RouterExplorer] [39m[32mMapped {/marketing/affiliates/release, POST} route[39m[38;5;3m +0ms[39m
radian_api  | [32m[Nest] 34  - [39m07/29/2026, 6:17:56 PM [32m    LOG[39m [38;5;3m[RouterExplorer] [39m[32mMapped {/marketing/affiliates/payout, POST} route[39m[38;5;3m +0ms[39m
radian_api  | [32m[Nest] 34  - [39m07/29/2026, 6:17:56 PM [32m    LOG[39m [38;5;3m[RouterExplorer] [39m[32mMapped {/marketing/affiliates/:id, GET} route[39m[38;5;3m +0ms[39m
radian_api  | [32m[Nest] 34  - [39m07/29/2026, 6:17:56 PM [32m    LOG[39m [38;5;3m[RouterExplorer] [39m[32mMapped {/marketing/affiliates/:id, PATCH} route[39m[38;5;3m +0ms[39m
radian_api  | [32m[Nest] 34  - [39m07/29/2026, 6:17:56 PM [32m    LOG[39m [38;5;3m[RouterExplorer] [39m[32mMapped {/marketing/affiliates/:id, DELETE} route[39m[38;5;3m +0ms[39m
radian_api  | [32m[Nest] 34  - [39m07/29/2026, 6:17:56 PM [32m    LOG[39m [38;5;3m[RouterExplorer] [39m[32mMapped {/marketing/campaigns, GET} route[39m[38;5;3m +1ms[39m
radian_api  | [32m[Nest] 34  - [39m07/29/2026, 6:17:56 PM [32m    LOG[39m [38;5;3m[RouterExplorer] [39m[32mMapped {/marketing/campaigns, POST} route[39m[38;5;3m +0ms[39m
radian_api  | [32m[Nest] 34  - [39m07/29/2026, 6:17:56 PM [32m    LOG[39m [38;5;3m[RouterExplorer] [39m[32mMapped {/marketing/campaigns/:id, GET} route[39m[38;5;3m +0ms[39m
radian_api  | [32m[Nest] 34  - [39m07/29/2026, 6:17:56 PM [32m    LOG[39m [38;5;3m[RouterExplorer] [39m[32mMapped {/marketing/campaigns/:id, PATCH} route[39m[38;5;3m +0ms[39m
radian_api  | [32m[Nest] 34  - [39m07/29/2026, 6:17:56 PM [32m    LOG[39m [38;5;3m[RouterExplorer] [39m[32mMapped {/marketing/campaigns/:id, DELETE} route[39m[38;5;3m +0ms[39m
radian_api  | [32m[Nest] 34  - [39m07/29/2026, 6:17:56 PM [32m    LOG[39m [38;5;3m[RoutesResolver] [39m[32mIntelligenceController {/intelligence}:[39m[38;5;3m +0ms[39m
radian_api  | [32m[Nest] 34  - [39m07/29/2026, 6:17:56 PM [32m    LOG[39m [38;5;3m[RouterExplorer] [39m[32mMapped {/intelligence/dashboard, GET} route[39m[38;5;3m +1ms[39m
radian_api  | [32m[Nest] 34  - [39m07/29/2026, 6:17:56 PM [32m    LOG[39m [38;5;3m[RouterExplorer] [39m[32mMapped {/intelligence/history, GET} route[39m[38;5;3m +0ms[39m
radian_api  | [32m[Nest] 34  - [39m07/29/2026, 6:17:56 PM [32m    LOG[39m [38;5;3m[RouterExplorer] [39m[32mMapped {/intelligence/lenses, GET} route[39m[38;5;3m +0ms[39m
radian_api  | [32m[Nest] 34  - [39m07/29/2026, 6:17:56 PM [32m    LOG[39m [38;5;3m[RouterExplorer] [39m[32mMapped {/intelligence/analytics, GET} route[39m[38;5;3m +0ms[39m
radian_api  | [32m[Nest] 34  - [39m07/29/2026, 6:17:56 PM [32m    LOG[39m [38;5;3m[RouterExplorer] [39m[32mMapped {/intelligence/kpis, GET} route[39m[38;5;3m +1ms[39m
radian_api  | [32m[Nest] 34  - [39m07/29/2026, 6:17:56 PM [32m    LOG[39m [38;5;3m[RouterExplorer] [39m[32mMapped {/intelligence/kpis/movement, GET} route[39m[38;5;3m +0ms[39m
radian_api  | [32m[Nest] 34  - [39m07/29/2026, 6:17:56 PM [32m    LOG[39m [38;5;3m[RouterExplorer] [39m[32mMapped {/intelligence/kpis/weekdays, GET} route[39m[38;5;3m +0ms[39m
radian_api  | [32m[Nest] 34  - [39m07/29/2026, 6:17:56 PM [32m    LOG[39m [38;5;3m[RouterExplorer] [39m[32mMapped {/intelligence/targets, GET} route[39m[38;5;3m +0ms[39m
radian_api  | [32m[Nest] 34  - [39m07/29/2026, 6:17:56 PM [32m    LOG[39m [38;5;3m[RouterExplorer] [39m[32mMapped {/intelligence/targets, POST} route[39m[38;5;3m +0ms[39m
radian_api  | [32m[Nest] 34  - [39m07/29/2026, 6:17:56 PM [32m    LOG[39m [38;5;3m[RouterExplorer] [39m[32mMapped {/intelligence/targets/clear, POST} route[39m[38;5;3m +1ms[39m
radian_api  | [32m[Nest] 34  - [39m07/29/2026, 6:17:56 PM [32m    LOG[39m [38;5;3m[RouterExplorer] [39m[32mMapped {/intelligence/targets/copy, POST} route[39m[38;5;3m +0ms[39m
radian_api  | [32m[Nest] 34  - [39m07/29/2026, 6:17:56 PM [32m    LOG[39m [38;5;3m[RouterExplorer] [39m[32mMapped {/intelligence/reports, GET} route[39m[38;5;3m +0ms[39m
radian_api  | [32m[Nest] 34  - [39m07/29/2026, 6:17:56 PM [32m    LOG[39m [38;5;3m[RouterExplorer] [39m[32mMapped {/intelligence/report, GET} route[39m[38;5;3m +0ms[39m
radian_api  | [32m[Nest] 34  - [39m07/29/2026, 6:17:56 PM [32m    LOG[39m [38;5;3m[RouterExplorer] [39m[32mMapped {/intelligence/forecast, GET} route[39m[38;5;3m +1ms[39m
radian_api  | [32m[Nest] 34  - [39m07/29/2026, 6:17:56 PM [32m    LOG[39m [38;5;3m[RouterExplorer] [39m[32mMapped {/intelligence/settings, GET} route[39m[38;5;3m +0ms[39m
radian_api  | [32m[Nest] 34  - [39m07/29/2026, 6:17:56 PM [32m    LOG[39m [38;5;3m[RouterExplorer] [39m[32mMapped {/intelligence/sweep, GET} route[39m[38;5;3m +0ms[39m
radian_api  | [32m[Nest] 34  - [39m07/29/2026, 6:17:56 PM [32m    LOG[39m [38;5;3m[RouterExplorer] [39m[32mMapped {/intelligence/sweep, POST} route[39m[38;5;3m +0ms[39m
radian_api  | [32m[Nest] 34  - [39m07/29/2026, 6:17:56 PM [32m    LOG[39m [38;5;3m[RoutesResolver] [39m[32mAuditController {/audit}:[39m[38;5;3m +0ms[39m
radian_api  | [32m[Nest] 34  - [39m07/29/2026, 6:17:56 PM [32m    LOG[39m [38;5;3m[RouterExplorer] [39m[32mMapped {/audit/stats, GET} route[39m[38;5;3m +1ms[39m
radian_api  | [32m[Nest] 34  - [39m07/29/2026, 6:17:56 PM [32m    LOG[39m [38;5;3m[RouterExplorer] [39m[32mMapped {/audit/facets, GET} route[39m[38;5;3m +0ms[39m
radian_api  | [32m[Nest] 34  - [39m07/29/2026, 6:17:56 PM [32m    LOG[39m [38;5;3m[RouterExplorer] [39m[32mMapped {/audit/backups, GET} route[39m[38;5;3m +0ms[39m
radian_api  | [32m[Nest] 34  - [39m07/29/2026, 6:17:56 PM [32m    LOG[39m [38;5;3m[RouterExplorer] [39m[32mMapped {/audit/activity, GET} route[39m[38;5;3m +0ms[39m
radian_api  | [32m[Nest] 34  - [39m07/29/2026, 6:17:56 PM [32m    LOG[39m [38;5;3m[RouterExplorer] [39m[32mMapped {/audit/entity/:type/:id, GET} route[39m[38;5;3m +0ms[39m
radian_api  | [32m[Nest] 34  - [39m07/29/2026, 6:17:56 PM [32m    LOG[39m [38;5;3m[RouterExplorer] [39m[32mMapped {/audit, GET} route[39m[38;5;3m +1ms[39m
radian_api  | [32m[Nest] 34  - [39m07/29/2026, 6:17:56 PM [32m    LOG[39m [38;5;3m[RoutesResolver] [39m[32mSeoController {/seo}:[39m[38;5;3m +0ms[39m
radian_api  | [32m[Nest] 34  - [39m07/29/2026, 6:17:56 PM [32m    LOG[39m [38;5;3m[RouterExplorer] [39m[32mMapped {/seo/public, GET} route[39m[38;5;3m +0ms[39m
radian_api  | [32m[Nest] 34  - [39m07/29/2026, 6:17:56 PM [32m    LOG[39m [38;5;3m[RouterExplorer] [39m[32mMapped {/seo/settings, GET} route[39m[38;5;3m +0ms[39m
radian_api  | [32m[Nest] 34  - [39m07/29/2026, 6:17:56 PM [32m    LOG[39m [38;5;3m[RouterExplorer] [39m[32mMapped {/seo/settings, PATCH} route[39m[38;5;3m +1ms[39m
radian_api  | [32m[Nest] 34  - [39m07/29/2026, 6:17:56 PM [32m    LOG[39m [38;5;3m[RouterExplorer] [39m[32mMapped {/seo/coverage, GET} route[39m[38;5;3m +0ms[39m
radian_api  | [32m[Nest] 34  - [39m07/29/2026, 6:17:56 PM [32m    LOG[39m [38;5;3m[RouterExplorer] [39m[32mMapped {/seo/pages, GET} route[39m[38;5;3m +0ms[39m
radian_api  | [32m[Nest] 34  - [39m07/29/2026, 6:17:56 PM [32m    LOG[39m [38;5;3m[RouterExplorer] [39m[32mMapped {/seo/pages/:kind/:id, PATCH} route[39m[38;5;3m +0ms[39m
radian_api  | [32m[Nest] 34  - [39m07/29/2026, 6:17:56 PM [32m    LOG[39m [38;5;3m[RouterExplorer] [39m[32mMapped {/seo/redirects, GET} route[39m[38;5;3m +0ms[39m
radian_api  | [32m[Nest] 34  - [39m07/29/2026, 6:17:56 PM [32m    LOG[39m [38;5;3m[RouterExplorer] [39m[32mMapped {/seo/redirects, POST} route[39m[38;5;3m +1ms[39m
radian_api  | [32m[Nest] 34  - [39m07/29/2026, 6:17:56 PM [32m    LOG[39m [38;5;3m[RouterExplorer] [39m[32mMapped {/seo/redirects/bulk, POST} route[39m[38;5;3m +0ms[39m
radian_api  | [32m[Nest] 34  - [39m07/29/2026, 6:17:56 PM [32m    LOG[39m [38;5;3m[RouterExplorer] [39m[32mMapped {/seo/redirects/:id, PATCH} route[39m[38;5;3m +0ms[39m
radian_api  | [32m[Nest] 34  - [39m07/29/2026, 6:17:56 PM [32m    LOG[39m [38;5;3m[RouterExplorer] [39m[32mMapped {/seo/redirects/:id, DELETE} route[39m[38;5;3m +0ms[39m
radian_api  | [32m[Nest] 34  - [39m07/29/2026, 6:17:56 PM [32m    LOG[39m [38;5;3m[PrismaService] [39m[32mPrisma connected[39m
radian_api  | [32m[Nest] 34  - [39m07/29/2026, 6:17:56 PM [32m    LOG[39m [38;5;3m[FinanceDriftService] [39m[32mnext drift check at 2026-07-29T20:00:00.000Z[39m
radian_api  | [32m[Nest] 34  - [39m07/29/2026, 6:17:56 PM [32m    LOG[39m [38;5;3m[MarketingAutomationService] [39m[32mnext marketing sweep at 2026-07-29T20:00:00.000Z[39m
radian_api  | [32m[Nest] 34  - [39m07/29/2026, 6:17:56 PM [32m    LOG[39m [38;5;3m[IntelligenceSweep] [39m[32mnext intelligence snapshot at 2026-07-29T18:30:00.000Z[39m
radian_api  | [32m[Nest] 34  - [39m07/29/2026, 6:17:56 PM [32m    LOG[39m [38;5;3m[NestApplication] [39m[32mNest application successfully started[39m[38;5;3m +3ms[39m
radian_api  | [32m[Nest] 34  - [39m07/29/2026, 6:19:56 PM [32m    LOG[39m [38;5;3m[Intelligence] [39m[32msnapshot filled 1 day(s)[39m
radian_api  | [32m[Nest] 34  - [39m07/29/2026, 6:19:56 PM [32m    LOG[39m [38;5;3m[IntelligenceSweep] [39m[32m[boot] filled 1 day(s)[39m
radian_api  | [32m[Nest] 34  - [39m07/29/2026, 6:29:59 PM [32m    LOG[39m [38;5;3m[IntelligenceSweep] [39m[32mnext intelligence snapshot at 2026-07-29T18:30:00.000Z[39m
radian_api  | [32m[Nest] 34  - [39m07/29/2026, 6:30:00 PM [32m    LOG[39m [38;5;3m[IntelligenceSweep] [39m[32mnext intelligence snapshot at 2026-07-30T18:30:00.000Z[39m
radian_api  | [2J[3J[H[[90m7:35:28 PM[0m] File change detected. Starting incremental compilation...
radian_api  | 
radian_api  | 
radian_api  | > api@0.0.1 start:dev
radian_api  | > nest start --watch
radian_api  | 
radian_api  | [2J[3J[H[[90m7:35:34 PM[0m] Starting compilation in watch mode...
radian_api  | 
