===== radian_ads_migrate ===== 
Wed 07/29/2026 
01:28 PM
Client:
 Version:           29.6.1
 API version:       1.55
 Go version:        go1.26.4
 Git commit:        8900f1d
 Built:             Fri Jun 26 11:43:32 2026
 OS/Arch:           windows/amd64
 Context:           desktop-linux

Server: Docker Desktop 4.80.0 (232116)
 Engine:
  Version:          29.6.1
  API version:      1.55 (minimum version 1.40)
  Go version:       go1.26.4
  Git commit:       8ec5ab3
  Built:            Fri Jun 26 11:41:04 2026
  OS/Arch:          linux/amd64
  Experimental:     false
 containerd:
  Version:          v2.2.5
  GitCommit:        e53c7c1516c3b2bff98eb76f1f4117477e6f4e66
 runc:
  Version:          1.3.6
  GitCommit:        v1.3.6-0-g491b69ba
 docker-init:
  Version:          0.19.0
  GitCommit:        de40ad0
 Container radian_postgres Running 
 Container radian_api Running 
 Container radian_web Running 
 Container radian_postgres Waiting 
 Container radian_postgres Healthy 
 Container radian_postgres Running 
 Container radian_postgres Waiting 
 Container radian_postgres Healthy 
 Container radian-api-run-bfe97aea1c91 Creating 
 Container radian-api-run-bfe97aea1c91 Created 
warn The configuration property `package.json#prisma` is deprecated and will be removed in Prisma 7. Please migrate to a Prisma config file (e.g., `prisma.config.ts`).
For more information, see: https://pris.ly/prisma-config

Environment variables loaded from .env
Prisma schema loaded from prisma/schema.prisma
Datasource "db": PostgreSQL database "radian_db", schema "public" at "postgres:5432"

Already in sync, no schema change or pending migration was found.

Running generate... (Use --skip-generate to skip the generators)
[2K[1A[2K[GRunning generate... - Prisma Client
[2K[1A[2K[G✔ Generated Prisma Client (v6.19.3) to ./node_modules/@prisma/client in 3.05s


warn The configuration property `package.json#prisma` is deprecated and will be removed in Prisma 7. Please migrate to a Prisma config file (e.g., `prisma.config.ts`).
For more information, see: https://pris.ly/prisma-config

Environment variables loaded from .env
Prisma schema loaded from prisma/schema.prisma
┌─────────────────────────────────────────────────────────┐
│  Update available 6.19.3 -> 7.9.1                       │
│                                                         │
│  This is a major update - please follow the guide at    │
│  https://pris.ly/d/major-version-upgrade                │
│                                                         │
│  Run the following to update                            │
│    npm i --save-dev prisma@latest                       │
│    npm i @prisma/client@latest                          │
└─────────────────────────────────────────────────────────┘

✔ Generated Prisma Client (v6.19.3) to ./node_modules/@prisma/client in 1.68s

Start by importing your Prisma Client (See: https://pris.ly/d/importing-client)

Tip: Interested in query caching in just a few lines of code? Try Accelerate today! https://pris.ly/tip-3-accelerate

 Container radian_api Restarting 
 Container radian_api Started 
 
===== docker compose ps ===== 
NAME              IMAGE                COMMAND                  SERVICE    CREATED        STATUS                    PORTS
radian_api        radian-api           "docker-entrypoint.s…"   api        39 hours ago   Up 31 seconds             0.0.0.0:4000->4000/tcp, [::]:4000->4000/tcp
radian_postgres   postgres:16-alpine   "docker-entrypoint.s…"   postgres   12 days ago    Up 12 minutes (healthy)   0.0.0.0:5433->5432/tcp, [::]:5433->5432/tcp
radian_web        radian-web           "docker-entrypoint.s…"   web        11 days ago    Up 12 minutes             0.0.0.0:3000->3000/tcp, [::]:3000->3000/tcp
 
===== curl :4000 ===== 
http_code=000 
===== api log (last 80 lines) ===== 
radian_api  | [32m[Nest] 34  - [39m07/29/2026, 7:26:50 AM [32m    LOG[39m [38;5;3m[RouterExplorer] [39m[32mMapped {/marketing/whatsapp/broadcasts/:id, DELETE} route[39m[38;5;3m +0ms[39m
radian_api  | [32m[Nest] 34  - [39m07/29/2026, 7:26:50 AM [32m    LOG[39m [38;5;3m[RouterExplorer] [39m[32mMapped {/marketing/whatsapp/target/:id/sent, POST} route[39m[38;5;3m +1ms[39m
radian_api  | [32m[Nest] 34  - [39m07/29/2026, 7:26:50 AM [32m    LOG[39m [38;5;3m[RouterExplorer] [39m[32mMapped {/marketing/whatsapp/target/:id/skip, POST} route[39m[38;5;3m +0ms[39m
radian_api  | [32m[Nest] 34  - [39m07/29/2026, 7:26:50 AM [32m    LOG[39m [38;5;3m[RouterExplorer] [39m[32mMapped {/marketing/referral, GET} route[39m[38;5;3m +1ms[39m
radian_api  | [32m[Nest] 34  - [39m07/29/2026, 7:26:50 AM [32m    LOG[39m [38;5;3m[RouterExplorer] [39m[32mMapped {/marketing/referral/list, GET} route[39m[38;5;3m +0ms[39m
radian_api  | [32m[Nest] 34  - [39m07/29/2026, 7:26:50 AM [32m    LOG[39m [38;5;3m[RouterExplorer] [39m[32mMapped {/marketing/referral/customer/:customerId, GET} route[39m[38;5;3m +0ms[39m
radian_api  | [32m[Nest] 34  - [39m07/29/2026, 7:26:50 AM [32m    LOG[39m [38;5;3m[RouterExplorer] [39m[32mMapped {/marketing/referral/code/:customerId, POST} route[39m[38;5;3m +1ms[39m
radian_api  | [32m[Nest] 34  - [39m07/29/2026, 7:26:50 AM [32m    LOG[39m [38;5;3m[RouterExplorer] [39m[32mMapped {/marketing/referral/join, POST} route[39m[38;5;3m +0ms[39m
radian_api  | [32m[Nest] 34  - [39m07/29/2026, 7:26:50 AM [32m    LOG[39m [38;5;3m[RouterExplorer] [39m[32mMapped {/marketing/referral/run, POST} route[39m[38;5;3m +0ms[39m
radian_api  | [32m[Nest] 34  - [39m07/29/2026, 7:26:50 AM [32m    LOG[39m [38;5;3m[RouterExplorer] [39m[32mMapped {/marketing/referral/points/adjust, POST} route[39m[38;5;3m +1ms[39m
radian_api  | [32m[Nest] 34  - [39m07/29/2026, 7:26:50 AM [32m    LOG[39m [38;5;3m[RouterExplorer] [39m[32mMapped {/marketing/referral/points/redeem, POST} route[39m[38;5;3m +0ms[39m
radian_api  | [32m[Nest] 34  - [39m07/29/2026, 7:26:50 AM [32m    LOG[39m [38;5;3m[RouterExplorer] [39m[32mMapped {/marketing/tracking/public, GET} route[39m[38;5;3m +1ms[39m
radian_api  | [32m[Nest] 34  - [39m07/29/2026, 7:26:50 AM [32m    LOG[39m [38;5;3m[RouterExplorer] [39m[32mMapped {/marketing/tracking, GET} route[39m[38;5;3m +0ms[39m
radian_api  | [32m[Nest] 34  - [39m07/29/2026, 7:26:50 AM [32m    LOG[39m [38;5;3m[RouterExplorer] [39m[32mMapped {/marketing/tracking/status, GET} route[39m[38;5;3m +0ms[39m
radian_api  | [32m[Nest] 34  - [39m07/29/2026, 7:26:50 AM [32m    LOG[39m [38;5;3m[RouterExplorer] [39m[32mMapped {/marketing/tracking, PATCH} route[39m[38;5;3m +0ms[39m
radian_api  | [32m[Nest] 34  - [39m07/29/2026, 7:26:50 AM [32m    LOG[39m [38;5;3m[RouterExplorer] [39m[32mMapped {/marketing/ads/summary, GET} route[39m[38;5;3m +1ms[39m
radian_api  | [32m[Nest] 34  - [39m07/29/2026, 7:26:50 AM [32m    LOG[39m [38;5;3m[RouterExplorer] [39m[32mMapped {/marketing/ads/test, POST} route[39m[38;5;3m +0ms[39m
radian_api  | [32m[Nest] 34  - [39m07/29/2026, 7:26:50 AM [32m    LOG[39m [38;5;3m[RouterExplorer] [39m[32mMapped {/marketing/ads/pull, POST} route[39m[38;5;3m +0ms[39m
radian_api  | [32m[Nest] 34  - [39m07/29/2026, 7:26:50 AM [32m    LOG[39m [38;5;3m[RouterExplorer] [39m[32mMapped {/marketing/ads/link, POST} route[39m[38;5;3m +1ms[39m
radian_api  | [32m[Nest] 34  - [39m07/29/2026, 7:26:50 AM [32m    LOG[39m [38;5;3m[RouterExplorer] [39m[32mMapped {/marketing/settings, GET} route[39m[38;5;3m +0ms[39m
radian_api  | [32m[Nest] 34  - [39m07/29/2026, 7:26:50 AM [32m    LOG[39m [38;5;3m[RouterExplorer] [39m[32mMapped {/marketing/settings, PATCH} route[39m[38;5;3m +1ms[39m
radian_api  | [32m[Nest] 34  - [39m07/29/2026, 7:26:50 AM [32m    LOG[39m [38;5;3m[RouterExplorer] [39m[32mMapped {/marketing/attribution/quality, GET} route[39m[38;5;3m +0ms[39m
radian_api  | [32m[Nest] 34  - [39m07/29/2026, 7:26:50 AM [32m    LOG[39m [38;5;3m[RouterExplorer] [39m[32mMapped {/marketing/attribution/order/:orderId, GET} route[39m[38;5;3m +0ms[39m
radian_api  | [32m[Nest] 34  - [39m07/29/2026, 7:26:50 AM [32m    LOG[39m [38;5;3m[RouterExplorer] [39m[32mMapped {/marketing/attribution/order/:orderId, PATCH} route[39m[38;5;3m +0ms[39m
radian_api  | [32m[Nest] 34  - [39m07/29/2026, 7:26:50 AM [32m    LOG[39m [38;5;3m[RouterExplorer] [39m[32mMapped {/marketing/attribution/run, POST} route[39m[38;5;3m +1ms[39m
radian_api  | [32m[Nest] 34  - [39m07/29/2026, 7:26:50 AM [32m    LOG[39m [38;5;3m[RouterExplorer] [39m[32mMapped {/marketing/occasions, GET} route[39m[38;5;3m +0ms[39m
radian_api  | [32m[Nest] 34  - [39m07/29/2026, 7:26:50 AM [32m    LOG[39m [38;5;3m[RouterExplorer] [39m[32mMapped {/marketing/outreach, GET} route[39m[38;5;3m +0ms[39m
radian_api  | [32m[Nest] 34  - [39m07/29/2026, 7:26:50 AM [32m    LOG[39m [38;5;3m[RouterExplorer] [39m[32mMapped {/marketing/outreach/effect, GET} route[39m[38;5;3m +0ms[39m
radian_api  | [32m[Nest] 34  - [39m07/29/2026, 7:26:50 AM [32m    LOG[39m [38;5;3m[RouterExplorer] [39m[32mMapped {/marketing/outreach, POST} route[39m[38;5;3m +1ms[39m
radian_api  | [32m[Nest] 34  - [39m07/29/2026, 7:26:50 AM [32m    LOG[39m [38;5;3m[RouterExplorer] [39m[32mMapped {/marketing/outreach/:id, PATCH} route[39m[38;5;3m +0ms[39m
radian_api  | [32m[Nest] 34  - [39m07/29/2026, 7:26:50 AM [32m    LOG[39m [38;5;3m[RouterExplorer] [39m[32mMapped {/marketing/optouts, GET} route[39m[38;5;3m +0ms[39m
radian_api  | [32m[Nest] 34  - [39m07/29/2026, 7:26:50 AM [32m    LOG[39m [38;5;3m[RouterExplorer] [39m[32mMapped {/marketing/optouts, POST} route[39m[38;5;3m +0ms[39m
radian_api  | [32m[Nest] 34  - [39m07/29/2026, 7:26:50 AM [32m    LOG[39m [38;5;3m[RouterExplorer] [39m[32mMapped {/marketing/optouts/:customerId, DELETE} route[39m[38;5;3m +0ms[39m
radian_api  | [32m[Nest] 34  - [39m07/29/2026, 7:26:50 AM [32m    LOG[39m [38;5;3m[RouterExplorer] [39m[32mMapped {/marketing/affiliates, GET} route[39m[38;5;3m +1ms[39m
radian_api  | [32m[Nest] 34  - [39m07/29/2026, 7:26:50 AM [32m    LOG[39m [38;5;3m[RouterExplorer] [39m[32mMapped {/marketing/affiliates, POST} route[39m[38;5;3m +0ms[39m
radian_api  | [32m[Nest] 34  - [39m07/29/2026, 7:26:50 AM [32m    LOG[39m [38;5;3m[RouterExplorer] [39m[32mMapped {/marketing/affiliates/overview, GET} route[39m[38;5;3m +0ms[39m
radian_api  | [32m[Nest] 34  - [39m07/29/2026, 7:26:50 AM [32m    LOG[39m [38;5;3m[RouterExplorer] [39m[32mMapped {/marketing/affiliates/commissions, GET} route[39m[38;5;3m +0ms[39m
radian_api  | [32m[Nest] 34  - [39m07/29/2026, 7:26:50 AM [32m    LOG[39m [38;5;3m[RouterExplorer] [39m[32mMapped {/marketing/affiliates/payouts, GET} route[39m[38;5;3m +1ms[39m
radian_api  | [32m[Nest] 34  - [39m07/29/2026, 7:26:50 AM [32m    LOG[39m [38;5;3m[RouterExplorer] [39m[32mMapped {/marketing/affiliates/accrue, POST} route[39m[38;5;3m +0ms[39m
radian_api  | [32m[Nest] 34  - [39m07/29/2026, 7:26:50 AM [32m    LOG[39m [38;5;3m[RouterExplorer] [39m[32mMapped {/marketing/affiliates/release, POST} route[39m[38;5;3m +0ms[39m
radian_api  | [32m[Nest] 34  - [39m07/29/2026, 7:26:50 AM [32m    LOG[39m [38;5;3m[RouterExplorer] [39m[32mMapped {/marketing/affiliates/payout, POST} route[39m[38;5;3m +1ms[39m
radian_api  | [32m[Nest] 34  - [39m07/29/2026, 7:26:50 AM [32m    LOG[39m [38;5;3m[RouterExplorer] [39m[32mMapped {/marketing/affiliates/:id, GET} route[39m[38;5;3m +0ms[39m
radian_api  | [32m[Nest] 34  - [39m07/29/2026, 7:26:50 AM [32m    LOG[39m [38;5;3m[RouterExplorer] [39m[32mMapped {/marketing/affiliates/:id, PATCH} route[39m[38;5;3m +3ms[39m
radian_api  | [32m[Nest] 34  - [39m07/29/2026, 7:26:50 AM [32m    LOG[39m [38;5;3m[RouterExplorer] [39m[32mMapped {/marketing/affiliates/:id, DELETE} route[39m[38;5;3m +1ms[39m
radian_api  | [32m[Nest] 34  - [39m07/29/2026, 7:26:50 AM [32m    LOG[39m [38;5;3m[RouterExplorer] [39m[32mMapped {/marketing/campaigns, GET} route[39m[38;5;3m +0ms[39m
radian_api  | [32m[Nest] 34  - [39m07/29/2026, 7:26:50 AM [32m    LOG[39m [38;5;3m[RouterExplorer] [39m[32mMapped {/marketing/campaigns, POST} route[39m[38;5;3m +0ms[39m
radian_api  | [32m[Nest] 34  - [39m07/29/2026, 7:26:50 AM [32m    LOG[39m [38;5;3m[RouterExplorer] [39m[32mMapped {/marketing/campaigns/:id, GET} route[39m[38;5;3m +1ms[39m
radian_api  | [32m[Nest] 34  - [39m07/29/2026, 7:26:50 AM [32m    LOG[39m [38;5;3m[RouterExplorer] [39m[32mMapped {/marketing/campaigns/:id, PATCH} route[39m[38;5;3m +1ms[39m
radian_api  | [32m[Nest] 34  - [39m07/29/2026, 7:26:50 AM [32m    LOG[39m [38;5;3m[RouterExplorer] [39m[32mMapped {/marketing/campaigns/:id, DELETE} route[39m[38;5;3m +0ms[39m
radian_api  | [32m[Nest] 34  - [39m07/29/2026, 7:26:50 AM [32m    LOG[39m [38;5;3m[RoutesResolver] [39m[32mAuditController {/audit}:[39m[38;5;3m +0ms[39m
radian_api  | [32m[Nest] 34  - [39m07/29/2026, 7:26:50 AM [32m    LOG[39m [38;5;3m[RouterExplorer] [39m[32mMapped {/audit/stats, GET} route[39m[38;5;3m +1ms[39m
radian_api  | [32m[Nest] 34  - [39m07/29/2026, 7:26:50 AM [32m    LOG[39m [38;5;3m[RouterExplorer] [39m[32mMapped {/audit/facets, GET} route[39m[38;5;3m +0ms[39m
radian_api  | [32m[Nest] 34  - [39m07/29/2026, 7:26:50 AM [32m    LOG[39m [38;5;3m[RouterExplorer] [39m[32mMapped {/audit/backups, GET} route[39m[38;5;3m +1ms[39m
radian_api  | [32m[Nest] 34  - [39m07/29/2026, 7:26:50 AM [32m    LOG[39m [38;5;3m[RouterExplorer] [39m[32mMapped {/audit/activity, GET} route[39m[38;5;3m +0ms[39m
radian_api  | [32m[Nest] 34  - [39m07/29/2026, 7:26:50 AM [32m    LOG[39m [38;5;3m[RouterExplorer] [39m[32mMapped {/audit/entity/:type/:id, GET} route[39m[38;5;3m +0ms[39m
radian_api  | [32m[Nest] 34  - [39m07/29/2026, 7:26:50 AM [32m    LOG[39m [38;5;3m[RouterExplorer] [39m[32mMapped {/audit, GET} route[39m[38;5;3m +1ms[39m
radian_api  | [32m[Nest] 34  - [39m07/29/2026, 7:26:50 AM [32m    LOG[39m [38;5;3m[RoutesResolver] [39m[32mSeoController {/seo}:[39m[38;5;3m +0ms[39m
radian_api  | [32m[Nest] 34  - [39m07/29/2026, 7:26:50 AM [32m    LOG[39m [38;5;3m[RouterExplorer] [39m[32mMapped {/seo/public, GET} route[39m[38;5;3m +1ms[39m
radian_api  | [32m[Nest] 34  - [39m07/29/2026, 7:26:50 AM [32m    LOG[39m [38;5;3m[RouterExplorer] [39m[32mMapped {/seo/settings, GET} route[39m[38;5;3m +0ms[39m
radian_api  | [32m[Nest] 34  - [39m07/29/2026, 7:26:50 AM [32m    LOG[39m [38;5;3m[RouterExplorer] [39m[32mMapped {/seo/settings, PATCH} route[39m[38;5;3m +1ms[39m
radian_api  | [32m[Nest] 34  - [39m07/29/2026, 7:26:50 AM [32m    LOG[39m [38;5;3m[RouterExplorer] [39m[32mMapped {/seo/coverage, GET} route[39m[38;5;3m +1ms[39m
radian_api  | [32m[Nest] 34  - [39m07/29/2026, 7:26:50 AM [32m    LOG[39m [38;5;3m[RouterExplorer] [39m[32mMapped {/seo/pages, GET} route[39m[38;5;3m +0ms[39m
radian_api  | [32m[Nest] 34  - [39m07/29/2026, 7:26:50 AM [32m    LOG[39m [38;5;3m[RouterExplorer] [39m[32mMapped {/seo/pages/:kind/:id, PATCH} route[39m[38;5;3m +0ms[39m
radian_api  | [32m[Nest] 34  - [39m07/29/2026, 7:26:50 AM [32m    LOG[39m [38;5;3m[RouterExplorer] [39m[32mMapped {/seo/redirects, GET} route[39m[38;5;3m +1ms[39m
radian_api  | [32m[Nest] 34  - [39m07/29/2026, 7:26:50 AM [32m    LOG[39m [38;5;3m[RouterExplorer] [39m[32mMapped {/seo/redirects, POST} route[39m[38;5;3m +1ms[39m
radian_api  | [32m[Nest] 34  - [39m07/29/2026, 7:26:50 AM [32m    LOG[39m [38;5;3m[RouterExplorer] [39m[32mMapped {/seo/redirects/bulk, POST} route[39m[38;5;3m +0ms[39m
radian_api  | [32m[Nest] 34  - [39m07/29/2026, 7:26:50 AM [32m    LOG[39m [38;5;3m[RouterExplorer] [39m[32mMapped {/seo/redirects/:id, PATCH} route[39m[38;5;3m +1ms[39m
radian_api  | [32m[Nest] 34  - [39m07/29/2026, 7:26:50 AM [32m    LOG[39m [38;5;3m[RouterExplorer] [39m[32mMapped {/seo/redirects/:id, DELETE} route[39m[38;5;3m +1ms[39m
radian_api  | [32m[Nest] 34  - [39m07/29/2026, 7:26:51 AM [32m    LOG[39m [38;5;3m[PrismaService] [39m[32mPrisma connected[39m
radian_api  | [32m[Nest] 34  - [39m07/29/2026, 7:26:51 AM [32m    LOG[39m [38;5;3m[FinanceDriftService] [39m[32mnext drift check at 2026-07-29T20:00:00.000Z[39m
radian_api  | [32m[Nest] 34  - [39m07/29/2026, 7:26:51 AM [32m    LOG[39m [38;5;3m[MarketingAutomationService] [39m[32mnext marketing sweep at 2026-07-29T20:00:00.000Z[39m
radian_api  | [32m[Nest] 34  - [39m07/29/2026, 7:26:51 AM [32m    LOG[39m [38;5;3m[NestApplication] [39m[32mNest application successfully started[39m[38;5;3m +5ms[39m
radian_api  | [2J[3J[H[[90m7:29:37 AM[0m] File change detected. Starting incremental compilation...
radian_api  | 
radian_api  | 
radian_api  | > api@0.0.1 start:dev
radian_api  | > nest start --watch
radian_api  | 
radian_api  | [2J[3J[H[[90m7:29:43 AM[0m] Starting compilation in watch mode...
radian_api  | 
