===== radian_integrations_migrate ===== 
Thu 07/30/2026 
05:05 PM
Client:
 Version:           29.6.1
 API version:       1.55
 Go version:        go1.26.4
 Git commit:        8900f1d
 Built:             Fri Jun 26 11:43:32 2026
 OS/Arch:           windows/amd64
 Context:           desktop-linux

Server: Docker Desktop 4.80.0 (232116)
 Engine:
  Version:          29.6.1
  API version:      1.55 (minimum version 1.40)
  Go version:       go1.26.4
  Git commit:       8ec5ab3
  Built:            Fri Jun 26 11:41:04 2026
  OS/Arch:          linux/amd64
  Experimental:     false
 containerd:
  Version:          v2.2.5
  GitCommit:        e53c7c1516c3b2bff98eb76f1f4117477e6f4e66
 runc:
  Version:          1.3.6
  GitCommit:        v1.3.6-0-g491b69ba
 docker-init:
  Version:          0.19.0
  GitCommit:        de40ad0
 Container radian_postgres Running 
 Container radian_api Running 
 Container radian_web Running 
 Container radian_postgres Waiting 
 Container radian_postgres Healthy 
 Container radian_postgres Running 
 Container radian_postgres Waiting 
 Container radian_postgres Healthy 
 Container radian-api-run-4d05b4a0d8c2 Creating 
 Container radian-api-run-4d05b4a0d8c2 Created 
warn The configuration property `package.json#prisma` is deprecated and will be removed in Prisma 7. Please migrate to a Prisma config file (e.g., `prisma.config.ts`).
For more information, see: https://pris.ly/prisma-config

Environment variables loaded from .env
Prisma schema loaded from prisma/schema.prisma
Datasource "db": PostgreSQL database "radian_db", schema "public" at "postgres:5432"

41 migrations found in prisma/migrations

Applying migration `20260730170000_company_settings`
Applying migration `20260730193000_integrations`
Applying migration `20260730203000_integrations_all`
Applying migration `20260730203100_integrations_carry_keys`

The following migration(s) have been applied:

migrations/
  └─ 20260730170000_company_settings/
    └─ migration.sql
  └─ 20260730193000_integrations/
    └─ migration.sql
  └─ 20260730203000_integrations_all/
    └─ migration.sql
  └─ 20260730203100_integrations_carry_keys/
    └─ migration.sql
      
All migrations have been successfully applied.
warn The configuration property `package.json#prisma` is deprecated and will be removed in Prisma 7. Please migrate to a Prisma config file (e.g., `prisma.config.ts`).
For more information, see: https://pris.ly/prisma-config

Environment variables loaded from .env
Prisma schema loaded from prisma/schema.prisma

✔ Generated Prisma Client (v6.19.3) to ./node_modules/@prisma/client in 1.50s

Start by importing your Prisma Client (See: https://pris.ly/d/importing-client)

Tip: Want to turn off tips and other hints? https://pris.ly/tip-4-nohints

 Container radian_api Restarting 
 Container radian_api Started 
 
===== the table exists ===== 
  tablename  
-------------
 Integration
(1 row)

 
===== WHAT WAS CARRIED ACROSS ===== 
===== (key values are NOT shown - only whether one is set) ===== 
 kind | provider | isEnabled | has_key | clientId 
------+----------+-----------+---------+----------
(0 rows)

 
===== what the OLD columns still hold, to compare against ===== 
 email_key | sms_key 
-----------+---------
 f         | f
(1 row)

 metaPixelId | ga4MeasurementId | gtmId | adAccountId 
-------------+------------------+-------+-------------
             |                  |       | 
(1 row)

 
===== api log (last 60 lines) ===== 
radian_api  | [32m[Nest] 33  - [39m07/30/2026, 10:15:43 AM [32m    LOG[39m [38;5;3m[RouterExplorer] [39m[32mMapped {/intelligence/history, GET} route[39m[38;5;3m +1ms[39m
radian_api  | [32m[Nest] 33  - [39m07/30/2026, 10:15:43 AM [32m    LOG[39m [38;5;3m[RouterExplorer] [39m[32mMapped {/intelligence/lenses, GET} route[39m[38;5;3m +0ms[39m
radian_api  | [32m[Nest] 33  - [39m07/30/2026, 10:15:43 AM [32m    LOG[39m [38;5;3m[RouterExplorer] [39m[32mMapped {/intelligence/analytics, GET} route[39m[38;5;3m +0ms[39m
radian_api  | [32m[Nest] 33  - [39m07/30/2026, 10:15:43 AM [32m    LOG[39m [38;5;3m[RouterExplorer] [39m[32mMapped {/intelligence/kpis, GET} route[39m[38;5;3m +1ms[39m
radian_api  | [32m[Nest] 33  - [39m07/30/2026, 10:15:43 AM [32m    LOG[39m [38;5;3m[RouterExplorer] [39m[32mMapped {/intelligence/kpis/movement, GET} route[39m[38;5;3m +0ms[39m
radian_api  | [32m[Nest] 33  - [39m07/30/2026, 10:15:43 AM [32m    LOG[39m [38;5;3m[RouterExplorer] [39m[32mMapped {/intelligence/kpis/weekdays, GET} route[39m[38;5;3m +0ms[39m
radian_api  | [32m[Nest] 33  - [39m07/30/2026, 10:15:43 AM [32m    LOG[39m [38;5;3m[RouterExplorer] [39m[32mMapped {/intelligence/targets, GET} route[39m[38;5;3m +0ms[39m
radian_api  | [32m[Nest] 33  - [39m07/30/2026, 10:15:43 AM [32m    LOG[39m [38;5;3m[RouterExplorer] [39m[32mMapped {/intelligence/targets, POST} route[39m[38;5;3m +1ms[39m
radian_api  | [32m[Nest] 33  - [39m07/30/2026, 10:15:43 AM [32m    LOG[39m [38;5;3m[RouterExplorer] [39m[32mMapped {/intelligence/targets/clear, POST} route[39m[38;5;3m +0ms[39m
radian_api  | [32m[Nest] 33  - [39m07/30/2026, 10:15:43 AM [32m    LOG[39m [38;5;3m[RouterExplorer] [39m[32mMapped {/intelligence/targets/copy, POST} route[39m[38;5;3m +0ms[39m
radian_api  | [32m[Nest] 33  - [39m07/30/2026, 10:15:43 AM [32m    LOG[39m [38;5;3m[RouterExplorer] [39m[32mMapped {/intelligence/reports, GET} route[39m[38;5;3m +1ms[39m
radian_api  | [32m[Nest] 33  - [39m07/30/2026, 10:15:43 AM [32m    LOG[39m [38;5;3m[RouterExplorer] [39m[32mMapped {/intelligence/report, GET} route[39m[38;5;3m +0ms[39m
radian_api  | [32m[Nest] 33  - [39m07/30/2026, 10:15:43 AM [32m    LOG[39m [38;5;3m[RouterExplorer] [39m[32mMapped {/intelligence/forecast, GET} route[39m[38;5;3m +0ms[39m
radian_api  | [32m[Nest] 33  - [39m07/30/2026, 10:15:43 AM [32m    LOG[39m [38;5;3m[RouterExplorer] [39m[32mMapped {/intelligence/settings, GET} route[39m[38;5;3m +0ms[39m
radian_api  | [32m[Nest] 33  - [39m07/30/2026, 10:15:43 AM [32m    LOG[39m [38;5;3m[RouterExplorer] [39m[32mMapped {/intelligence/sweep, GET} route[39m[38;5;3m +1ms[39m
radian_api  | [32m[Nest] 33  - [39m07/30/2026, 10:15:43 AM [32m    LOG[39m [38;5;3m[RouterExplorer] [39m[32mMapped {/intelligence/sweep, POST} route[39m[38;5;3m +0ms[39m
radian_api  | [32m[Nest] 33  - [39m07/30/2026, 10:15:43 AM [32m    LOG[39m [38;5;3m[RoutesResolver] [39m[32mAuditController {/audit}:[39m[38;5;3m +0ms[39m
radian_api  | [32m[Nest] 33  - [39m07/30/2026, 10:15:43 AM [32m    LOG[39m [38;5;3m[RouterExplorer] [39m[32mMapped {/audit/stats, GET} route[39m[38;5;3m +1ms[39m
radian_api  | [32m[Nest] 33  - [39m07/30/2026, 10:15:43 AM [32m    LOG[39m [38;5;3m[RouterExplorer] [39m[32mMapped {/audit/facets, GET} route[39m[38;5;3m +0ms[39m
radian_api  | [32m[Nest] 33  - [39m07/30/2026, 10:15:43 AM [32m    LOG[39m [38;5;3m[RouterExplorer] [39m[32mMapped {/audit/backups, GET} route[39m[38;5;3m +0ms[39m
radian_api  | [32m[Nest] 33  - [39m07/30/2026, 10:15:43 AM [32m    LOG[39m [38;5;3m[RouterExplorer] [39m[32mMapped {/audit/activity, GET} route[39m[38;5;3m +1ms[39m
radian_api  | [32m[Nest] 33  - [39m07/30/2026, 10:15:43 AM [32m    LOG[39m [38;5;3m[RouterExplorer] [39m[32mMapped {/audit/entity/:type/:id, GET} route[39m[38;5;3m +0ms[39m
radian_api  | [32m[Nest] 33  - [39m07/30/2026, 10:15:43 AM [32m    LOG[39m [38;5;3m[RouterExplorer] [39m[32mMapped {/audit, GET} route[39m[38;5;3m +0ms[39m
radian_api  | [32m[Nest] 33  - [39m07/30/2026, 10:15:43 AM [32m    LOG[39m [38;5;3m[RoutesResolver] [39m[32mSeoController {/seo}:[39m[38;5;3m +1ms[39m
radian_api  | [32m[Nest] 33  - [39m07/30/2026, 10:15:43 AM [32m    LOG[39m [38;5;3m[RouterExplorer] [39m[32mMapped {/seo/public, GET} route[39m[38;5;3m +0ms[39m
radian_api  | [32m[Nest] 33  - [39m07/30/2026, 10:15:43 AM [32m    LOG[39m [38;5;3m[RouterExplorer] [39m[32mMapped {/seo/settings, GET} route[39m[38;5;3m +0ms[39m
radian_api  | [32m[Nest] 33  - [39m07/30/2026, 10:15:43 AM [32m    LOG[39m [38;5;3m[RouterExplorer] [39m[32mMapped {/seo/settings, PATCH} route[39m[38;5;3m +0ms[39m
radian_api  | [32m[Nest] 33  - [39m07/30/2026, 10:15:43 AM [32m    LOG[39m [38;5;3m[RouterExplorer] [39m[32mMapped {/seo/coverage, GET} route[39m[38;5;3m +0ms[39m
radian_api  | [32m[Nest] 33  - [39m07/30/2026, 10:15:43 AM [32m    LOG[39m [38;5;3m[RouterExplorer] [39m[32mMapped {/seo/pages, GET} route[39m[38;5;3m +1ms[39m
radian_api  | [32m[Nest] 33  - [39m07/30/2026, 10:15:43 AM [32m    LOG[39m [38;5;3m[RouterExplorer] [39m[32mMapped {/seo/pages/:kind/:id, PATCH} route[39m[38;5;3m +0ms[39m
radian_api  | [32m[Nest] 33  - [39m07/30/2026, 10:15:43 AM [32m    LOG[39m [38;5;3m[RouterExplorer] [39m[32mMapped {/seo/redirects, GET} route[39m[38;5;3m +0ms[39m
radian_api  | [32m[Nest] 33  - [39m07/30/2026, 10:15:43 AM [32m    LOG[39m [38;5;3m[RouterExplorer] [39m[32mMapped {/seo/redirects, POST} route[39m[38;5;3m +0ms[39m
radian_api  | [32m[Nest] 33  - [39m07/30/2026, 10:15:43 AM [32m    LOG[39m [38;5;3m[RouterExplorer] [39m[32mMapped {/seo/redirects/bulk, POST} route[39m[38;5;3m +0ms[39m
radian_api  | [32m[Nest] 33  - [39m07/30/2026, 10:15:43 AM [32m    LOG[39m [38;5;3m[RouterExplorer] [39m[32mMapped {/seo/redirects/:id, PATCH} route[39m[38;5;3m +1ms[39m
radian_api  | [32m[Nest] 33  - [39m07/30/2026, 10:15:43 AM [32m    LOG[39m [38;5;3m[RouterExplorer] [39m[32mMapped {/seo/redirects/:id, DELETE} route[39m[38;5;3m +0ms[39m
radian_api  | [32m[Nest] 33  - [39m07/30/2026, 10:15:43 AM [32m    LOG[39m [38;5;3m[RoutesResolver] [39m[32mAdministrationController {/administration}:[39m[38;5;3m +0ms[39m
radian_api  | [32m[Nest] 33  - [39m07/30/2026, 10:15:43 AM [32m    LOG[39m [38;5;3m[RouterExplorer] [39m[32mMapped {/administration/my-access, GET} route[39m[38;5;3m +0ms[39m
radian_api  | [32m[Nest] 33  - [39m07/30/2026, 10:15:43 AM [32m    LOG[39m [38;5;3m[RouterExplorer] [39m[32mMapped {/administration/registry, GET} route[39m[38;5;3m +0ms[39m
radian_api  | [32m[Nest] 33  - [39m07/30/2026, 10:15:43 AM [32m    LOG[39m [38;5;3m[RouterExplorer] [39m[32mMapped {/administration/registry/undecided, GET} route[39m[38;5;3m +0ms[39m
radian_api  | [32m[Nest] 33  - [39m07/30/2026, 10:15:43 AM [32m    LOG[39m [38;5;3m[RouterExplorer] [39m[32mMapped {/administration/would-block, GET} route[39m[38;5;3m +1ms[39m
radian_api  | [32m[Nest] 33  - [39m07/30/2026, 10:15:43 AM [32m    LOG[39m [38;5;3m[RouterExplorer] [39m[32mMapped {/administration/positions, GET} route[39m[38;5;3m +0ms[39m
radian_api  | [32m[Nest] 33  - [39m07/30/2026, 10:15:43 AM [32m    LOG[39m [38;5;3m[RouterExplorer] [39m[32mMapped {/administration/positions, POST} route[39m[38;5;3m +0ms[39m
radian_api  | [32m[Nest] 33  - [39m07/30/2026, 10:15:43 AM [32m    LOG[39m [38;5;3m[RouterExplorer] [39m[32mMapped {/administration/positions/:id/access, GET} route[39m[38;5;3m +0ms[39m
radian_api  | [32m[Nest] 33  - [39m07/30/2026, 10:15:43 AM [32m    LOG[39m [38;5;3m[RouterExplorer] [39m[32mMapped {/administration/positions/:id/access, PATCH} route[39m[38;5;3m +0ms[39m
radian_api  | [32m[Nest] 33  - [39m07/30/2026, 10:15:43 AM [32m    LOG[39m [38;5;3m[RouterExplorer] [39m[32mMapped {/administration/positions/:id, PATCH} route[39m[38;5;3m +0ms[39m
radian_api  | [32m[Nest] 33  - [39m07/30/2026, 10:15:43 AM [32m    LOG[39m [38;5;3m[RouterExplorer] [39m[32mMapped {/administration/positions/:id, DELETE} route[39m[38;5;3m +1ms[39m
radian_api  | [32m[Nest] 33  - [39m07/30/2026, 10:15:43 AM [32m    LOG[39m [38;5;3m[PrismaService] [39m[32mPrisma connected[39m
radian_api  | [32m[Nest] 33  - [39m07/30/2026, 10:15:43 AM [32m    LOG[39m [38;5;3m[FinanceDriftService] [39m[32mnext drift check at 2026-07-30T20:00:00.000Z[39m
radian_api  | [32m[Nest] 33  - [39m07/30/2026, 10:15:43 AM [32m    LOG[39m [38;5;3m[MarketingAutomationService] [39m[32mnext marketing sweep at 2026-07-30T20:00:00.000Z[39m
radian_api  | [32m[Nest] 33  - [39m07/30/2026, 10:15:43 AM [32m    LOG[39m [38;5;3m[IntelligenceSweep] [39m[32mnext intelligence snapshot at 2026-07-30T18:30:00.000Z[39m
radian_api  | [32m[Nest] 33  - [39m07/30/2026, 10:15:43 AM [32m    LOG[39m [38;5;3m[RegistryService] [39m[32mregistry: 166 nodes (0 new, 0 changed, 0 retired, 0 back)[39m
radian_api  | [32m[Nest] 33  - [39m07/30/2026, 10:15:43 AM [32m    LOG[39m [38;5;3m[NestApplication] [39m[32mNest application successfully started[39m[38;5;3m +8ms[39m
radian_api  | [2J[3J[H[[90m11:05:54 AM[0m] File change detected. Starting incremental compilation...
radian_api  | 
radian_api  | 
radian_api  | > api@0.0.1 start:dev
radian_api  | > nest start --watch
radian_api  | 
radian_api  | [2J[3J[H[[90m11:05:59 AM[0m] Starting compilation in watch mode...
radian_api  | 
