===== MIGRATE (migration) START Wed 07/29/2026 20:26:25.93 =====

[1/3] prisma migrate dev --name migration

> api@0.0.1 prisma:migrate
> prisma migrate dev --name migration

warn The configuration property `package.json#prisma` is deprecated and will be removed in Prisma 7. Please migrate to a Prisma config file (e.g., `prisma.config.ts`).
For more information, see: https://pris.ly/prisma-config

Environment variables loaded from .env
Prisma schema loaded from prisma\schema.prisma
Datasource "db": PostgreSQL database "radian_db", schema "public" at "localhost:5433"

Already in sync, no schema change or pending migration was found.

Running generate... (Use --skip-generate to skip the generators)
[2K[1A[2K[GRunning generate... - Prisma Client
[2K[1A[2K[G✔ Generated Prisma Client (v6.19.3) to .\node_modules\@prisma\client in 712ms



[2/3] prisma generate

> api@0.0.1 prisma:generate
> prisma generate

warn The configuration property `package.json#prisma` is deprecated and will be removed in Prisma 7. Please migrate to a Prisma config file (e.g., `prisma.config.ts`).
For more information, see: https://pris.ly/prisma-config

Environment variables loaded from .env
Prisma schema loaded from prisma\schema.prisma
┌─────────────────────────────────────────────────────────┐
│  Update available 6.19.3 -> 7.9.1                       │
│                                                         │
│  This is a major update - please follow the guide at    │
│  https://pris.ly/d/major-version-upgrade                │
│                                                         │
│  Run the following to update                            │
│    npm i --save-dev prisma@latest                       │
│    npm i @prisma/client@latest                          │
└─────────────────────────────────────────────────────────┘

✔ Generated Prisma Client (v6.19.3) to .\node_modules\@prisma\client in 765ms

Start by importing your Prisma Client (See: https://pris.ly/d/importing-client)

Tip: Want to turn off tips and other hints? https://pris.ly/tip-4-nohints


[3/3] npm run build

> api@0.0.1 build
> nest build


===== MIGRATE DONE rc=0 Wed 07/29/2026 20:26:57.82 =====
