===== RADIAN API SETUP START Fri 07/17/2026 10:40:34.06 =====

[1/6] reset + start postgres (fresh volume, host port 5433)
 Container radian_postgres Stopping 
 Container radian_postgres Stopped 
 Container radian_postgres Removing 
 Container radian_postgres Removed 
 Volume radian_radian_postgres_data Removing 
 Network radian_default Removing 
 Network radian_default Removed 
 Volume radian_radian_postgres_data Removed 
 Network radian_default Creating 
 Network radian_default Created 
 Volume radian_radian_postgres_data Creating 
 Volume radian_radian_postgres_data Created 
 Container radian_postgres Creating 
 Container radian_postgres Created 
 Container radian_postgres Starting 
 Container radian_postgres Started 
[2/6] waiting for postgres to be healthy...
    postgres health=healthy

[3/6] npm install (prisma@6 + @prisma/client + deps)

up to date in 1s
npm warn allow-scripts 4 packages have install scripts not yet covered by allowScripts:
npm warn allow-scripts   @prisma/client@6.19.3 (install: (install scripts present))
npm warn allow-scripts   @prisma/engines@6.19.3 (install: (install scripts present))
npm warn allow-scripts   prisma@6.19.3 (install: (install scripts present))
npm warn allow-scripts   unrs-resolver@1.12.2 (install: (install scripts present))
npm warn allow-scripts
npm warn allow-scripts Run `npm approve-scripts --allow-scripts-pending` to review, or `npm approve-scripts <pkg>` to allow.

[4/6] prisma migrate dev (local v6 via npm script)

> api@0.0.1 prisma:migrate
> prisma migrate dev --name product_module

warn The configuration property `package.json#prisma` is deprecated and will be removed in Prisma 7. Please migrate to a Prisma config file (e.g., `prisma.config.ts`).
For more information, see: https://pris.ly/prisma-config

Prisma schema loaded from prisma\schema.prisma
Datasource "db": PostgreSQL database "radian_db", schema "public" at "localhost:5433"

Applying migration `20260717044047_product_module`

The following migration(s) have been created and applied from new schema changes:

prisma\migrations/
  └─ 20260717044047_product_module/
    └─ migration.sql

Your database is now in sync with your schema.

Running generate... (Use --skip-generate to skip the generators)
[2K[1A[2K[GRunning generate... - Prisma Client
[2K[1A[2K[G✔ Generated Prisma Client (v6.19.3) to .\node_modules\@prisma\client in 139ms



[5/6] prisma generate (local v6)

> api@0.0.1 prisma:generate
> prisma generate

warn The configuration property `package.json#prisma` is deprecated and will be removed in Prisma 7. Please migrate to a Prisma config file (e.g., `prisma.config.ts`).
For more information, see: https://pris.ly/prisma-config

Prisma schema loaded from prisma\schema.prisma

✔ Generated Prisma Client (v6.19.3) to .\node_modules\@prisma\client in 133ms

Start by importing your Prisma Client (See: https://pris.ly/d/importing-client)

Tip: Interested in query caching in just a few lines of code? Try Accelerate today! https://pris.ly/tip-3-accelerate


[6/6] npm run build

> api@0.0.1 build
> nest build


===== RADIAN API SETUP DONE (build rc=0) Fri 07/17/2026 10:40:54.04 =====
