===== SALES SMOKE 2026-07-17T06:31:30.900Z (sfx=890900) =====
server up: true (pid 19760)
CHANNEL: id=cmrok83n60000gc8wzdqbcnsq
CUSTOMER: id=cmrok83nu0003gc8wlrucmrtg ltv0=0 orders0=0
READY PRODUCT: id=cmrok83pi000agc8w27stdbeg stock=10 salesCount0=0
CRAFTED PRODUCT: id=cmrok83qa000dgc8wh8gvqj8v
ORDER: 201 no=RAD-57889 total=408000 sub=400000 sales=placed deliv=unassigned editableItems=true
CONFIRM: 201 sales=confirmed stockAfterConfirm=10 (expect 10 — no deduct at confirm)
PREPARE: 201 deliv=preparing stockAfterPrepare=8 (expect 8 — DEC-MOD-003 -2)
OUT: 201 deliv=out_for_delivery editableRecipient=false (expect false)
DELIVERED: 201 sales=completed deliv=delivered
AFTER DELIVERED: product.salesCount=1 (expect 1) | customer.ordersCount=1 (expect 1) ltvPaisa=408000 (expect 408000)
COD+CRAFTED: status=400 OK rejected
COD+GIFT: status=400 OK rejected
CANCEL: 201 sales=cancelled deliv=stock_reverted (expect stock_reverted) refund=600000
STOCK REVERT: before=5 after=8 (expect +3)
CANCELLED LINE refund=600000 note='Readymade — refunded in full'
salesCount after cancel=1 (expect still 1 — cancel not counted)
TIMELINE order1 events=6
LIST needsAction total=0
RESULT: PASS
===== SALES SMOKE DONE 2026-07-17T06:31:32.308Z =====
