===== radian_tracking_migrate ===== 
Tue 07/28/2026 
09:24 PM
Client:
 Version:           29.6.1
 API version:       1.55
 Go version:        go1.26.4
 Git commit:        8900f1d
 Built:             Fri Jun 26 11:43:32 2026
 OS/Arch:           windows/amd64
 Context:           desktop-linux

Server: Docker Desktop 4.80.0 (232116)
 Engine:
  Version:          29.6.1
  API version:      1.55 (minimum version 1.40)
  Go version:       go1.26.4
  Git commit:       8ec5ab3
  Built:            Fri Jun 26 11:41:04 2026
  OS/Arch:          linux/amd64
  Experimental:     false
 containerd:
  Version:          v2.2.5
  GitCommit:        e53c7c1516c3b2bff98eb76f1f4117477e6f4e66
 runc:
  Version:          1.3.6
  GitCommit:        v1.3.6-0-g491b69ba
 docker-init:
  Version:          0.19.0
  GitCommit:        de40ad0
 Container radian_postgres Running 
 Container radian_api Running 
 Container radian_web Running 
 Container radian_postgres Waiting 
 Container radian_postgres Healthy 
 Container radian_postgres Running 
 Container radian_postgres Waiting 
 Container radian_postgres Healthy 
 Container radian-api-run-4394093b0066 Creating 
 Container radian-api-run-4394093b0066 Created 
warn The configuration property `package.json#prisma` is deprecated and will be removed in Prisma 7. Please migrate to a Prisma config file (e.g., `prisma.config.ts`).
For more information, see: https://pris.ly/prisma-config

Environment variables loaded from .env
Prisma schema loaded from prisma/schema.prisma
Datasource "db": PostgreSQL database "radian_db", schema "public" at "postgres:5432"

Applying migration `20260728152513_marketing_tracking`

The following migration(s) have been created and applied from new schema changes:

prisma/migrations/
  └─ 20260728152513_marketing_tracking/
    └─ migration.sql

Your database is now in sync with your schema.

Running generate... (Use --skip-generate to skip the generators)
[2K[1A[2K[GRunning generate... - Prisma Client
[2K[1A[2K[G✔ Generated Prisma Client (v6.19.3) to ./node_modules/@prisma/client in 1.29s


warn The configuration property `package.json#prisma` is deprecated and will be removed in Prisma 7. Please migrate to a Prisma config file (e.g., `prisma.config.ts`).
For more information, see: https://pris.ly/prisma-config

Environment variables loaded from .env
Prisma schema loaded from prisma/schema.prisma

✔ Generated Prisma Client (v6.19.3) to ./node_modules/@prisma/client in 1.37s

Start by importing your Prisma Client (See: https://pris.ly/d/importing-client)

Tip: Want to turn off tips and other hints? https://pris.ly/tip-4-nohints

 Container radian_api Restarting 
 Container radian_api Started 
 
===== docker compose ps ===== 
NAME              IMAGE                COMMAND                  SERVICE    CREATED        STATUS                 PORTS
radian_api        radian-api           "docker-entrypoint.s…"   api        23 hours ago   Up 30 seconds          0.0.0.0:4000->4000/tcp, [::]:4000->4000/tcp
radian_postgres   postgres:16-alpine   "docker-entrypoint.s…"   postgres   11 days ago    Up 5 hours (healthy)   0.0.0.0:5433->5432/tcp, [::]:5433->5432/tcp
radian_web        radian-web           "docker-entrypoint.s…"   web        10 days ago    Up 5 hours             0.0.0.0:3000->3000/tcp, [::]:3000->3000/tcp
 
===== api log (last 80 lines) ===== 
radian_api  | [32m[Nest] 34  - [39m07/28/2026, 3:13:29 PM [32m    LOG[39m [38;5;3m[RouterExplorer] [39m[32mMapped {/hr/employees/:id/documents/:docId, GET} route[39m[38;5;3m +0ms[39m
radian_api  | [32m[Nest] 34  - [39m07/28/2026, 3:13:29 PM [32m    LOG[39m [38;5;3m[RouterExplorer] [39m[32mMapped {/hr/employees/:id/documents, POST} route[39m[38;5;3m +1ms[39m
radian_api  | [32m[Nest] 34  - [39m07/28/2026, 3:13:29 PM [32m    LOG[39m [38;5;3m[RouterExplorer] [39m[32mMapped {/hr/employees/:id/documents/:docId, DELETE} route[39m[38;5;3m +0ms[39m
radian_api  | [32m[Nest] 34  - [39m07/28/2026, 3:13:29 PM [32m    LOG[39m [38;5;3m[RouterExplorer] [39m[32mMapped {/hr/employees/:id, PATCH} route[39m[38;5;3m +0ms[39m
radian_api  | [32m[Nest] 34  - [39m07/28/2026, 3:13:29 PM [32m    LOG[39m [38;5;3m[RouterExplorer] [39m[32mMapped {/hr/employees/:id, DELETE} route[39m[38;5;3m +0ms[39m
radian_api  | [32m[Nest] 34  - [39m07/28/2026, 3:13:29 PM [32m    LOG[39m [38;5;3m[RouterExplorer] [39m[32mMapped {/hr/employees/:id/restore, POST} route[39m[38;5;3m +1ms[39m
radian_api  | [32m[Nest] 34  - [39m07/28/2026, 3:13:29 PM [32m    LOG[39m [38;5;3m[RouterExplorer] [39m[32mMapped {/hr/attendance, GET} route[39m[38;5;3m +0ms[39m
radian_api  | [32m[Nest] 34  - [39m07/28/2026, 3:13:29 PM [32m    LOG[39m [38;5;3m[RouterExplorer] [39m[32mMapped {/hr/attendance, POST} route[39m[38;5;3m +0ms[39m
radian_api  | [32m[Nest] 34  - [39m07/28/2026, 3:13:29 PM [32m    LOG[39m [38;5;3m[RouterExplorer] [39m[32mMapped {/hr/payroll, GET} route[39m[38;5;3m +1ms[39m
radian_api  | [32m[Nest] 34  - [39m07/28/2026, 3:13:29 PM [32m    LOG[39m [38;5;3m[RouterExplorer] [39m[32mMapped {/hr/payroll, POST} route[39m[38;5;3m +0ms[39m
radian_api  | [32m[Nest] 34  - [39m07/28/2026, 3:13:29 PM [32m    LOG[39m [38;5;3m[RouterExplorer] [39m[32mMapped {/hr/payroll/:id, GET} route[39m[38;5;3m +0ms[39m
radian_api  | [32m[Nest] 34  - [39m07/28/2026, 3:13:29 PM [32m    LOG[39m [38;5;3m[RouterExplorer] [39m[32mMapped {/hr/payroll/:id, PATCH} route[39m[38;5;3m +1ms[39m
radian_api  | [32m[Nest] 34  - [39m07/28/2026, 3:13:29 PM [32m    LOG[39m [38;5;3m[RouterExplorer] [39m[32mMapped {/hr/payroll/:id/lines/:employeeId, DELETE} route[39m[38;5;3m +0ms[39m
radian_api  | [32m[Nest] 34  - [39m07/28/2026, 3:13:29 PM [32m    LOG[39m [38;5;3m[RouterExplorer] [39m[32mMapped {/hr/payroll/:id, DELETE} route[39m[38;5;3m +1ms[39m
radian_api  | [32m[Nest] 34  - [39m07/28/2026, 3:13:29 PM [32m    LOG[39m [38;5;3m[RouterExplorer] [39m[32mMapped {/hr/payroll/:id/approve, POST} route[39m[38;5;3m +0ms[39m
radian_api  | [32m[Nest] 34  - [39m07/28/2026, 3:13:29 PM [32m    LOG[39m [38;5;3m[RoutesResolver] [39m[32mMarketingController {/marketing}:[39m[38;5;3m +0ms[39m
radian_api  | [32m[Nest] 34  - [39m07/28/2026, 3:13:29 PM [32m    LOG[39m [38;5;3m[RouterExplorer] [39m[32mMapped {/marketing/stats, GET} route[39m[38;5;3m +0ms[39m
radian_api  | [32m[Nest] 34  - [39m07/28/2026, 3:13:29 PM [32m    LOG[39m [38;5;3m[RouterExplorer] [39m[32mMapped {/marketing/automation, GET} route[39m[38;5;3m +1ms[39m
radian_api  | [32m[Nest] 34  - [39m07/28/2026, 3:13:29 PM [32m    LOG[39m [38;5;3m[RouterExplorer] [39m[32mMapped {/marketing/automation/run, POST} route[39m[38;5;3m +0ms[39m
radian_api  | [32m[Nest] 34  - [39m07/28/2026, 3:13:29 PM [32m    LOG[39m [38;5;3m[RouterExplorer] [39m[32mMapped {/marketing/settings, GET} route[39m[38;5;3m +0ms[39m
radian_api  | [32m[Nest] 34  - [39m07/28/2026, 3:13:29 PM [32m    LOG[39m [38;5;3m[RouterExplorer] [39m[32mMapped {/marketing/settings, PATCH} route[39m[38;5;3m +0ms[39m
radian_api  | [32m[Nest] 34  - [39m07/28/2026, 3:13:29 PM [32m    LOG[39m [38;5;3m[RouterExplorer] [39m[32mMapped {/marketing/attribution/quality, GET} route[39m[38;5;3m +1ms[39m
radian_api  | [32m[Nest] 34  - [39m07/28/2026, 3:13:29 PM [32m    LOG[39m [38;5;3m[RouterExplorer] [39m[32mMapped {/marketing/attribution/order/:orderId, GET} route[39m[38;5;3m +0ms[39m
radian_api  | [32m[Nest] 34  - [39m07/28/2026, 3:13:29 PM [32m    LOG[39m [38;5;3m[RouterExplorer] [39m[32mMapped {/marketing/attribution/order/:orderId, PATCH} route[39m[38;5;3m +1ms[39m
radian_api  | [32m[Nest] 34  - [39m07/28/2026, 3:13:29 PM [32m    LOG[39m [38;5;3m[RouterExplorer] [39m[32mMapped {/marketing/attribution/run, POST} route[39m[38;5;3m +0ms[39m
radian_api  | [32m[Nest] 34  - [39m07/28/2026, 3:13:29 PM [32m    LOG[39m [38;5;3m[RouterExplorer] [39m[32mMapped {/marketing/occasions, GET} route[39m[38;5;3m +0ms[39m
radian_api  | [32m[Nest] 34  - [39m07/28/2026, 3:13:29 PM [32m    LOG[39m [38;5;3m[RouterExplorer] [39m[32mMapped {/marketing/outreach, GET} route[39m[38;5;3m +0ms[39m
radian_api  | [32m[Nest] 34  - [39m07/28/2026, 3:13:29 PM [32m    LOG[39m [38;5;3m[RouterExplorer] [39m[32mMapped {/marketing/outreach/effect, GET} route[39m[38;5;3m +0ms[39m
radian_api  | [32m[Nest] 34  - [39m07/28/2026, 3:13:29 PM [32m    LOG[39m [38;5;3m[RouterExplorer] [39m[32mMapped {/marketing/outreach, POST} route[39m[38;5;3m +0ms[39m
radian_api  | [32m[Nest] 34  - [39m07/28/2026, 3:13:29 PM [32m    LOG[39m [38;5;3m[RouterExplorer] [39m[32mMapped {/marketing/outreach/:id, PATCH} route[39m[38;5;3m +0ms[39m
radian_api  | [32m[Nest] 34  - [39m07/28/2026, 3:13:29 PM [32m    LOG[39m [38;5;3m[RouterExplorer] [39m[32mMapped {/marketing/optouts, GET} route[39m[38;5;3m +1ms[39m
radian_api  | [32m[Nest] 34  - [39m07/28/2026, 3:13:29 PM [32m    LOG[39m [38;5;3m[RouterExplorer] [39m[32mMapped {/marketing/optouts, POST} route[39m[38;5;3m +0ms[39m
radian_api  | [32m[Nest] 34  - [39m07/28/2026, 3:13:29 PM [32m    LOG[39m [38;5;3m[RouterExplorer] [39m[32mMapped {/marketing/optouts/:customerId, DELETE} route[39m[38;5;3m +0ms[39m
radian_api  | [32m[Nest] 34  - [39m07/28/2026, 3:13:29 PM [32m    LOG[39m [38;5;3m[RouterExplorer] [39m[32mMapped {/marketing/affiliates, GET} route[39m[38;5;3m +0ms[39m
radian_api  | [32m[Nest] 34  - [39m07/28/2026, 3:13:29 PM [32m    LOG[39m [38;5;3m[RouterExplorer] [39m[32mMapped {/marketing/affiliates, POST} route[39m[38;5;3m +1ms[39m
radian_api  | [32m[Nest] 34  - [39m07/28/2026, 3:13:29 PM [32m    LOG[39m [38;5;3m[RouterExplorer] [39m[32mMapped {/marketing/affiliates/overview, GET} route[39m[38;5;3m +0ms[39m
radian_api  | [32m[Nest] 34  - [39m07/28/2026, 3:13:29 PM [32m    LOG[39m [38;5;3m[RouterExplorer] [39m[32mMapped {/marketing/affiliates/commissions, GET} route[39m[38;5;3m +0ms[39m
radian_api  | [32m[Nest] 34  - [39m07/28/2026, 3:13:29 PM [32m    LOG[39m [38;5;3m[RouterExplorer] [39m[32mMapped {/marketing/affiliates/payouts, GET} route[39m[38;5;3m +1ms[39m
radian_api  | [32m[Nest] 34  - [39m07/28/2026, 3:13:29 PM [32m    LOG[39m [38;5;3m[RouterExplorer] [39m[32mMapped {/marketing/affiliates/accrue, POST} route[39m[38;5;3m +0ms[39m
radian_api  | [32m[Nest] 34  - [39m07/28/2026, 3:13:29 PM [32m    LOG[39m [38;5;3m[RouterExplorer] [39m[32mMapped {/marketing/affiliates/release, POST} route[39m[38;5;3m +0ms[39m
radian_api  | [32m[Nest] 34  - [39m07/28/2026, 3:13:29 PM [32m    LOG[39m [38;5;3m[RouterExplorer] [39m[32mMapped {/marketing/affiliates/payout, POST} route[39m[38;5;3m +0ms[39m
radian_api  | [32m[Nest] 34  - [39m07/28/2026, 3:13:29 PM [32m    LOG[39m [38;5;3m[RouterExplorer] [39m[32mMapped {/marketing/affiliates/:id, GET} route[39m[38;5;3m +1ms[39m
radian_api  | [32m[Nest] 34  - [39m07/28/2026, 3:13:29 PM [32m    LOG[39m [38;5;3m[RouterExplorer] [39m[32mMapped {/marketing/affiliates/:id, PATCH} route[39m[38;5;3m +0ms[39m
radian_api  | [32m[Nest] 34  - [39m07/28/2026, 3:13:29 PM [32m    LOG[39m [38;5;3m[RouterExplorer] [39m[32mMapped {/marketing/affiliates/:id, DELETE} route[39m[38;5;3m +0ms[39m
radian_api  | [32m[Nest] 34  - [39m07/28/2026, 3:13:29 PM [32m    LOG[39m [38;5;3m[RouterExplorer] [39m[32mMapped {/marketing/campaigns, GET} route[39m[38;5;3m +0ms[39m
radian_api  | [32m[Nest] 34  - [39m07/28/2026, 3:13:29 PM [32m    LOG[39m [38;5;3m[RouterExplorer] [39m[32mMapped {/marketing/campaigns, POST} route[39m[38;5;3m +1ms[39m
radian_api  | [32m[Nest] 34  - [39m07/28/2026, 3:13:29 PM [32m    LOG[39m [38;5;3m[RouterExplorer] [39m[32mMapped {/marketing/campaigns/:id, GET} route[39m[38;5;3m +0ms[39m
radian_api  | [32m[Nest] 34  - [39m07/28/2026, 3:13:29 PM [32m    LOG[39m [38;5;3m[RouterExplorer] [39m[32mMapped {/marketing/campaigns/:id, PATCH} route[39m[38;5;3m +0ms[39m
radian_api  | [32m[Nest] 34  - [39m07/28/2026, 3:13:29 PM [32m    LOG[39m [38;5;3m[RouterExplorer] [39m[32mMapped {/marketing/campaigns/:id, DELETE} route[39m[38;5;3m +0ms[39m
radian_api  | [32m[Nest] 34  - [39m07/28/2026, 3:13:29 PM [32m    LOG[39m [38;5;3m[RoutesResolver] [39m[32mAuditController {/audit}:[39m[38;5;3m +1ms[39m
radian_api  | [32m[Nest] 34  - [39m07/28/2026, 3:13:29 PM [32m    LOG[39m [38;5;3m[RouterExplorer] [39m[32mMapped {/audit/stats, GET} route[39m[38;5;3m +0ms[39m
radian_api  | [32m[Nest] 34  - [39m07/28/2026, 3:13:29 PM [32m    LOG[39m [38;5;3m[RouterExplorer] [39m[32mMapped {/audit/facets, GET} route[39m[38;5;3m +0ms[39m
radian_api  | [32m[Nest] 34  - [39m07/28/2026, 3:13:29 PM [32m    LOG[39m [38;5;3m[RouterExplorer] [39m[32mMapped {/audit/backups, GET} route[39m[38;5;3m +0ms[39m
radian_api  | [32m[Nest] 34  - [39m07/28/2026, 3:13:29 PM [32m    LOG[39m [38;5;3m[RouterExplorer] [39m[32mMapped {/audit/activity, GET} route[39m[38;5;3m +0ms[39m
radian_api  | [32m[Nest] 34  - [39m07/28/2026, 3:13:29 PM [32m    LOG[39m [38;5;3m[RouterExplorer] [39m[32mMapped {/audit/entity/:type/:id, GET} route[39m[38;5;3m +0ms[39m
radian_api  | [32m[Nest] 34  - [39m07/28/2026, 3:13:29 PM [32m    LOG[39m [38;5;3m[RouterExplorer] [39m[32mMapped {/audit, GET} route[39m[38;5;3m +1ms[39m
radian_api  | [32m[Nest] 34  - [39m07/28/2026, 3:13:29 PM [32m    LOG[39m [38;5;3m[RoutesResolver] [39m[32mSeoController {/seo}:[39m[38;5;3m +0ms[39m
radian_api  | [32m[Nest] 34  - [39m07/28/2026, 3:13:29 PM [32m    LOG[39m [38;5;3m[RouterExplorer] [39m[32mMapped {/seo/public, GET} route[39m[38;5;3m +0ms[39m
radian_api  | [32m[Nest] 34  - [39m07/28/2026, 3:13:29 PM [32m    LOG[39m [38;5;3m[RouterExplorer] [39m[32mMapped {/seo/settings, GET} route[39m[38;5;3m +0ms[39m
radian_api  | [32m[Nest] 34  - [39m07/28/2026, 3:13:29 PM [32m    LOG[39m [38;5;3m[RouterExplorer] [39m[32mMapped {/seo/settings, PATCH} route[39m[38;5;3m +0ms[39m
radian_api  | [32m[Nest] 34  - [39m07/28/2026, 3:13:29 PM [32m    LOG[39m [38;5;3m[RouterExplorer] [39m[32mMapped {/seo/coverage, GET} route[39m[38;5;3m +0ms[39m
radian_api  | [32m[Nest] 34  - [39m07/28/2026, 3:13:29 PM [32m    LOG[39m [38;5;3m[RouterExplorer] [39m[32mMapped {/seo/pages, GET} route[39m[38;5;3m +0ms[39m
radian_api  | [32m[Nest] 34  - [39m07/28/2026, 3:13:29 PM [32m    LOG[39m [38;5;3m[RouterExplorer] [39m[32mMapped {/seo/pages/:kind/:id, PATCH} route[39m[38;5;3m +1ms[39m
radian_api  | [32m[Nest] 34  - [39m07/28/2026, 3:13:29 PM [32m    LOG[39m [38;5;3m[RouterExplorer] [39m[32mMapped {/seo/redirects, GET} route[39m[38;5;3m +0ms[39m
radian_api  | [32m[Nest] 34  - [39m07/28/2026, 3:13:29 PM [32m    LOG[39m [38;5;3m[RouterExplorer] [39m[32mMapped {/seo/redirects, POST} route[39m[38;5;3m +0ms[39m
radian_api  | [32m[Nest] 34  - [39m07/28/2026, 3:13:29 PM [32m    LOG[39m [38;5;3m[RouterExplorer] [39m[32mMapped {/seo/redirects/bulk, POST} route[39m[38;5;3m +0ms[39m
radian_api  | [32m[Nest] 34  - [39m07/28/2026, 3:13:29 PM [32m    LOG[39m [38;5;3m[RouterExplorer] [39m[32mMapped {/seo/redirects/:id, PATCH} route[39m[38;5;3m +0ms[39m
radian_api  | [32m[Nest] 34  - [39m07/28/2026, 3:13:29 PM [32m    LOG[39m [38;5;3m[RouterExplorer] [39m[32mMapped {/seo/redirects/:id, DELETE} route[39m[38;5;3m +1ms[39m
radian_api  | [32m[Nest] 34  - [39m07/28/2026, 3:13:29 PM [32m    LOG[39m [38;5;3m[PrismaService] [39m[32mPrisma connected[39m
radian_api  | [32m[Nest] 34  - [39m07/28/2026, 3:13:29 PM [32m    LOG[39m [38;5;3m[FinanceDriftService] [39m[32mnext drift check at 2026-07-28T20:00:00.000Z[39m
radian_api  | [32m[Nest] 34  - [39m07/28/2026, 3:13:29 PM [32m    LOG[39m [38;5;3m[MarketingAutomationService] [39m[32mnext marketing sweep at 2026-07-28T20:00:00.000Z[39m
radian_api  | [32m[Nest] 34  - [39m07/28/2026, 3:13:29 PM [32m    LOG[39m [38;5;3m[NestApplication] [39m[32mNest application successfully started[39m[38;5;3m +4ms[39m
radian_api  | [2J[3J[H[[90m3:25:22 PM[0m] File change detected. Starting incremental compilation...
radian_api  | 
radian_api  | 
radian_api  | > api@0.0.1 start:dev
radian_api  | > nest start --watch
radian_api  | 
radian_api  | [2J[3J[H[[90m3:25:28 PM[0m] Starting compilation in watch mode...
radian_api  | 
