===== radian_whatsapp_migrate ===== 
Tue 07/28/2026 
09:46 PM
Client:
 Version:           29.6.1
 API version:       1.55
 Go version:        go1.26.4
 Git commit:        8900f1d
 Built:             Fri Jun 26 11:43:32 2026
 OS/Arch:           windows/amd64
 Context:           desktop-linux

Server: Docker Desktop 4.80.0 (232116)
 Engine:
  Version:          29.6.1
  API version:      1.55 (minimum version 1.40)
  Go version:       go1.26.4
  Git commit:       8ec5ab3
  Built:            Fri Jun 26 11:41:04 2026
  OS/Arch:          linux/amd64
  Experimental:     false
 containerd:
  Version:          v2.2.5
  GitCommit:        e53c7c1516c3b2bff98eb76f1f4117477e6f4e66
 runc:
  Version:          1.3.6
  GitCommit:        v1.3.6-0-g491b69ba
 docker-init:
  Version:          0.19.0
  GitCommit:        de40ad0
 Container radian_postgres Running 
 Container radian_api Running 
 Container radian_web Running 
 Container radian_postgres Waiting 
 Container radian_postgres Healthy 
 Container radian_postgres Running 
 Container radian_postgres Waiting 
 Container radian_postgres Healthy 
 Container radian-api-run-0656ac2a38e4 Creating 
 Container radian-api-run-0656ac2a38e4 Created 
warn The configuration property `package.json#prisma` is deprecated and will be removed in Prisma 7. Please migrate to a Prisma config file (e.g., `prisma.config.ts`).
For more information, see: https://pris.ly/prisma-config

Environment variables loaded from .env
Prisma schema loaded from prisma/schema.prisma
Datasource "db": PostgreSQL database "radian_db", schema "public" at "postgres:5432"

Applying migration `20260728154741_whatsapp_broadcast`

The following migration(s) have been created and applied from new schema changes:

prisma/migrations/
  └─ 20260728154741_whatsapp_broadcast/
    └─ migration.sql

Your database is now in sync with your schema.

Running generate... (Use --skip-generate to skip the generators)
[2K[1A[2K[GRunning generate... - Prisma Client
[2K[1A[2K[G✔ Generated Prisma Client (v6.19.3) to ./node_modules/@prisma/client in 1.36s


warn The configuration property `package.json#prisma` is deprecated and will be removed in Prisma 7. Please migrate to a Prisma config file (e.g., `prisma.config.ts`).
For more information, see: https://pris.ly/prisma-config

Environment variables loaded from .env
Prisma schema loaded from prisma/schema.prisma

✔ Generated Prisma Client (v6.19.3) to ./node_modules/@prisma/client in 1.35s

Start by importing your Prisma Client (See: https://pris.ly/d/importing-client)

Tip: Want to turn off tips and other hints? https://pris.ly/tip-4-nohints

 Container radian_api Restarting 
 Container radian_api Started 
 
===== docker compose ps ===== 
NAME              IMAGE                COMMAND                  SERVICE    CREATED        STATUS                 PORTS
radian_api        radian-api           "docker-entrypoint.s…"   api        23 hours ago   Up 30 seconds          0.0.0.0:4000->4000/tcp, [::]:4000->4000/tcp
radian_postgres   postgres:16-alpine   "docker-entrypoint.s…"   postgres   11 days ago    Up 6 hours (healthy)   0.0.0.0:5433->5432/tcp, [::]:5433->5432/tcp
radian_web        radian-web           "docker-entrypoint.s…"   web        10 days ago    Up 6 hours             0.0.0.0:3000->3000/tcp, [::]:3000->3000/tcp
 
===== api log (last 80 lines) ===== 
radian_api  | [32m[Nest] 34  - [39m07/28/2026, 3:35:25 PM [32m    LOG[39m [38;5;3m[FinanceDriftService] [39m[32mnext drift check at 2026-07-28T20:00:00.000Z[39m
radian_api  | [32m[Nest] 34  - [39m07/28/2026, 3:35:25 PM [32m    LOG[39m [38;5;3m[MarketingAutomationService] [39m[32mnext marketing sweep at 2026-07-28T20:00:00.000Z[39m
radian_api  | [32m[Nest] 34  - [39m07/28/2026, 3:35:25 PM [32m    LOG[39m [38;5;3m[NestApplication] [39m[32mNest application successfully started[39m[38;5;3m +6ms[39m
radian_api  | [31m[Nest] 34  - [39m07/28/2026, 3:36:00 PM [31m  ERROR[39m [38;5;3m[ExceptionsHandler] [39mPrismaClientKnownRequestError: 
radian_api  | Invalid `this.prisma.db.trackingSetting.create()` invocation in
radian_api  | /app/src/marketing/tracking.service.ts:50:43
radian_api  | 
radian_api  |   47 async get() {
radian_api  |   48   const found = await this.prisma.db.trackingSetting.findUnique({ where: { id: 'singleton' } });
radian_api  |   49   if (found) return found;
radian_api  | → 50   return this.prisma.db.trackingSetting.create(
radian_api  | Unique constraint failed on the fields: (`id`)
radian_api  |     at ei.handleRequestError [90m(/app/[39mnode_modules/[4m@prisma/client[24m/src/runtime/RequestHandler.ts:228:13[90m)[39m
radian_api  |     at ei.handleAndLogRequestError [90m(/app/[39mnode_modules/[4m@prisma/client[24m/src/runtime/RequestHandler.ts:174:12[90m)[39m
radian_api  |     at ei.request [90m(/app/[39mnode_modules/[4m@prisma/client[24m/src/runtime/RequestHandler.ts:143:12[90m)[39m
radian_api  |     at async a [90m(/app/[39mnode_modules/[4m@prisma/client[24m/src/runtime/getPrismaClient.ts:833:24[90m)[39m
radian_api  |     at async TrackingService.getForAdmin [90m(/app/[39msrc/marketing/tracking.service.ts:99:26[90m)[39m {
radian_api  |   code: [32m'P2002'[39m,
radian_api  |   meta: {
radian_api  |     modelName: [32m'TrackingSetting'[39m,
radian_api  |     target: [
radian_api  |       [32m'id'[39m
radian_api  |     ]
radian_api  |   },
radian_api  |   clientVersion: [32m'6.19.3'[39m
radian_api  | }
radian_api  | [31m[Nest] 34  - [39m07/28/2026, 3:36:00 PM [31m  ERROR[39m [38;5;3m[ExceptionsHandler] [39mPrismaClientKnownRequestError: 
radian_api  | Invalid `this.prisma.db.trackingSetting.create()` invocation in
radian_api  | /app/src/marketing/tracking.service.ts:50:43
radian_api  | 
radian_api  |   47 async get() {
radian_api  |   48   const found = await this.prisma.db.trackingSetting.findUnique({ where: { id: 'singleton' } });
radian_api  |   49   if (found) return found;
radian_api  | → 50   return this.prisma.db.trackingSetting.create(
radian_api  | Unique constraint failed on the fields: (`id`)
radian_api  |     at ei.handleRequestError [90m(/app/[39mnode_modules/[4m@prisma/client[24m/src/runtime/RequestHandler.ts:228:13[90m)[39m
radian_api  |     at ei.handleAndLogRequestError [90m(/app/[39mnode_modules/[4m@prisma/client[24m/src/runtime/RequestHandler.ts:174:12[90m)[39m
radian_api  |     at ei.request [90m(/app/[39mnode_modules/[4m@prisma/client[24m/src/runtime/RequestHandler.ts:143:12[90m)[39m
radian_api  |     at async a [90m(/app/[39mnode_modules/[4m@prisma/client[24m/src/runtime/getPrismaClient.ts:833:24[90m)[39m
radian_api  |     at async TrackingService.status [90m(/app/[39msrc/marketing/tracking.service.ts:124:15[90m)[39m {
radian_api  |   code: [32m'P2002'[39m,
radian_api  |   meta: {
radian_api  |     modelName: [32m'TrackingSetting'[39m,
radian_api  |     target: [
radian_api  |       [32m'id'[39m
radian_api  |     ]
radian_api  |   },
radian_api  |   clientVersion: [32m'6.19.3'[39m
radian_api  | }
radian_api  | [31m[Nest] 34  - [39m07/28/2026, 3:36:00 PM [31m  ERROR[39m [38;5;3m[ExceptionsHandler] [39mPrismaClientKnownRequestError: 
radian_api  | Invalid `this.prisma.db.trackingSetting.create()` invocation in
radian_api  | /app/src/marketing/tracking.service.ts:50:43
radian_api  | 
radian_api  |   47 async get() {
radian_api  |   48   const found = await this.prisma.db.trackingSetting.findUnique({ where: { id: 'singleton' } });
radian_api  |   49   if (found) return found;
radian_api  | → 50   return this.prisma.db.trackingSetting.create(
radian_api  | Unique constraint failed on the fields: (`id`)
radian_api  |     at ei.handleRequestError [90m(/app/[39mnode_modules/[4m@prisma/client[24m/src/runtime/RequestHandler.ts:228:13[90m)[39m
radian_api  |     at ei.handleAndLogRequestError [90m(/app/[39mnode_modules/[4m@prisma/client[24m/src/runtime/RequestHandler.ts:174:12[90m)[39m
radian_api  |     at ei.request [90m(/app/[39mnode_modules/[4m@prisma/client[24m/src/runtime/RequestHandler.ts:143:12[90m)[39m
radian_api  |     at async a [90m(/app/[39mnode_modules/[4m@prisma/client[24m/src/runtime/getPrismaClient.ts:833:24[90m)[39m
radian_api  |     at async TrackingService.status [90m(/app/[39msrc/marketing/tracking.service.ts:124:15[90m)[39m {
radian_api  |   code: [32m'P2002'[39m,
radian_api  |   meta: {
radian_api  |     modelName: [32m'TrackingSetting'[39m,
radian_api  |     target: [
radian_api  |       [32m'id'[39m
radian_api  |     ]
radian_api  |   },
radian_api  |   clientVersion: [32m'6.19.3'[39m
radian_api  | }
radian_api  | [2J[3J[H[[90m3:47:50 PM[0m] File change detected. Starting incremental compilation...
radian_api  | 
radian_api  | 
radian_api  | > api@0.0.1 start:dev
radian_api  | > nest start --watch
radian_api  | 
radian_api  | [2J[3J[H[[90m3:47:56 PM[0m] Starting compilation in watch mode...
radian_api  | 
